2026-10-03 12:39:30,193 INFO o.a.j.u.JMeterUtils: Setting Locale to de_CH
2026-10-03 12:39:30,209 INFO o.a.j.u.JMeterUtils: Could not find resources for 'de_CH', using 'de'
2026-10-03 12:39:30,210 INFO o.a.j.JMeter: Loading user properties from: C:\Users\Simon\Downloads\apache-jmeter-5.6.3\apache-jmeter-5.6.3\bin\user.properties
2026-10-03 12:39:30,211 INFO o.a.j.JMeter: Loading system properties from: C:\Users\Simon\Downloads\apache-jmeter-5.6.3\apache-jmeter-5.6.3\bin\system.properties
2026-10-03 12:39:30,217 INFO o.a.j.JMeter: Copyright (c) 1998-2024 The Apache Software Foundation
2026-10-03 12:39:30,218 INFO o.a.j.JMeter: Version 5.6.3
2026-10-03 12:39:30,218 INFO o.a.j.JMeter: java.version=25.0.2
2026-10-03 12:39:30,218 INFO o.a.j.JMeter: java.vm.name=OpenJDK 64-Bit Server VM
2026-10-03 12:39:30,219 INFO o.a.j.JMeter: os.name=Windows 11
2026-10-03 12:39:30,219 INFO o.a.j.JMeter: os.arch=amd64
2026-10-03 12:39:30,219 INFO o.a.j.JMeter: os.version=10.0
2026-10-03 12:39:30,219 INFO o.a.j.JMeter: file.encoding=UTF-8
2026-10-03 12:39:30,219 INFO o.a.j.JMeter: java.awt.headless=true
2026-10-03 12:39:30,219 INFO o.a.j.JMeter: Max memory     =4219469824
2026-10-03 12:39:30,219 INFO o.a.j.JMeter: Available Processors =12
2026-10-03 12:39:30,229 INFO o.a.j.JMeter: Default Locale=Deutsch (Schweiz)
2026-10-03 12:39:30,230 INFO o.a.j.JMeter: JMeter  Locale=Deutsch (Schweiz)
2026-10-03 12:39:30,230 INFO o.a.j.JMeter: JMeterHome=C:\Users\Simon\Downloads\apache-jmeter-5.6.3\apache-jmeter-5.6.3
2026-10-03 12:39:30,230 INFO o.a.j.JMeter: user.dir  =C:\Users\Simon\Desktop\Md324\05_online_market\05_online_market
2026-10-03 12:39:30,230 INFO o.a.j.JMeter: PWD       =C:\Users\Simon\Desktop\Md324\05_online_market\05_online_market
2026-10-03 12:39:30,238 INFO o.a.j.JMeter: IP: 192.168.1.112 Name: Simon_Schmid FullName: simon-schmid.home
2026-10-03 12:39:30,248 INFO o.a.j.JMeter: Setting property 'jmeter.reportgenerator.outputdir' to:'C:\Users\Simon\Desktop\Md324\05_online_market\05_online_market\loadtest\results\report'
2026-10-03 12:39:30,250 INFO o.a.j.s.FileServer: Default base='C:\Users\Simon\Desktop\Md324\05_online_market\05_online_market'
2026-10-03 12:39:30,250 INFO o.a.j.s.FileServer: Set new base='C:\Users\Simon\Desktop\Md324\05_online_market\05_online_market\loadtest'
2026-10-03 12:39:30,456 INFO o.a.j.s.SaveService: Testplan (JMX) version: 2.2. Testlog (JTL) version: 2.2
2026-10-03 12:39:30,468 INFO o.a.j.s.SaveService: Using SaveService properties version 5.0
2026-10-03 12:39:30,471 INFO o.a.j.s.SaveService: Using SaveService properties file encoding UTF-8
2026-10-03 12:39:30,473 INFO o.a.j.s.SaveService: Loading file: loadtest\online-market-load-test.jmx
2026-10-03 12:39:30,506 INFO o.a.j.p.h.s.HTTPSamplerBase: Parser for text/html is org.apache.jmeter.protocol.http.parser.LagartoBasedHtmlParser
2026-10-03 12:39:30,506 INFO o.a.j.p.h.s.HTTPSamplerBase: Parser for application/xhtml+xml is org.apache.jmeter.protocol.http.parser.LagartoBasedHtmlParser
2026-10-03 12:39:30,506 INFO o.a.j.p.h.s.HTTPSamplerBase: Parser for application/xml is org.apache.jmeter.protocol.http.parser.LagartoBasedHtmlParser
2026-10-03 12:39:30,506 INFO o.a.j.p.h.s.HTTPSamplerBase: Parser for text/xml is org.apache.jmeter.protocol.http.parser.LagartoBasedHtmlParser
2026-10-03 12:39:30,506 INFO o.a.j.p.h.s.HTTPSamplerBase: Parser for text/vnd.wap.wml is org.apache.jmeter.protocol.http.parser.RegexpHTMLParser
2026-10-03 12:39:30,506 INFO o.a.j.p.h.s.HTTPSamplerBase: Parser for text/css is org.apache.jmeter.protocol.http.parser.CssParser
2026-10-03 12:39:30,526 INFO o.a.j.JMeter: Creating summariser <summary>
2026-10-03 12:39:30,529 INFO o.a.j.r.d.ReportGenerator: ReportGenerator will use for Parsing the separator: ','
2026-10-03 12:39:30,529 INFO o.a.j.r.d.ReportGenerator: Will generate report at end of test from  results file: loadtest/results/results.jtl
2026-10-03 12:39:30,529 INFO o.a.j.r.d.ReportGenerator: Reading report generator properties from: C:\Users\Simon\Downloads\apache-jmeter-5.6.3\apache-jmeter-5.6.3\bin\reportgenerator.properties
2026-10-03 12:39:30,532 INFO o.a.j.r.d.ReportGenerator: Merging with JMeter properties
2026-10-03 12:39:30,534 INFO o.a.j.r.c.ReportGeneratorConfiguration: Property 'jmeter.reportgenerator.temp_dir' not found, using default value 'temp' instead.
2026-10-03 12:39:30,538 INFO o.a.j.r.c.ReportGeneratorConfiguration: Property 'jmeter.reportgenerator.apdex_per_transaction' not found, using default value 'null' instead.
2026-10-03 12:39:30,538 INFO o.a.j.r.c.ReportGeneratorConfiguration: apdex_per_transaction is empty, not APDEX per transaction customization
2026-10-03 12:39:30,538 INFO o.a.j.r.c.ReportGeneratorConfiguration: Property 'jmeter.reportgenerator.sample_filter' not found, using default value 'null' instead.
2026-10-03 12:39:30,538 INFO o.a.j.r.c.ReportGeneratorConfiguration: Property 'jmeter.reportgenerator.report_title' not found, using default value 'null' instead.
2026-10-03 12:39:30,538 INFO o.a.j.r.c.ReportGeneratorConfiguration: Property 'jmeter.reportgenerator.start_date' not found, using default value 'null' instead.
2026-10-03 12:39:30,538 INFO o.a.j.r.c.ReportGeneratorConfiguration: Property 'jmeter.reportgenerator.end_date' not found, using default value 'null' instead.
2026-10-03 12:39:30,538 INFO o.a.j.r.c.ReportGeneratorConfiguration: Property 'jmeter.reportgenerator.date_format' not found, using default value 'null' instead.
2026-10-03 12:39:30,541 INFO o.a.j.r.c.ReportGeneratorConfiguration: Will use date range start date: null, end date: null
2026-10-03 12:39:30,546 INFO o.a.j.r.c.ReportGeneratorConfiguration: Property 'jmeter.reportgenerator.graph.totalTPS.exclude_controllers' not found, using default value 'false' instead.
2026-10-03 12:39:30,547 INFO o.a.j.r.c.ReportGeneratorConfiguration: Property 'jmeter.reportgenerator.graph.activeThreadsOverTime.exclude_controllers' not found, using default value 'false' instead.
2026-10-03 12:39:30,547 INFO o.a.j.r.c.ReportGeneratorConfiguration: Property 'jmeter.reportgenerator.graph.timeVsThreads.exclude_controllers' not found, using default value 'false' instead.
2026-10-03 12:39:30,547 INFO o.a.j.r.c.ReportGeneratorConfiguration: Property 'jmeter.reportgenerator.graph.responseTimeDistribution.exclude_controllers' not found, using default value 'false' instead.
2026-10-03 12:39:30,547 INFO o.a.j.r.c.ReportGeneratorConfiguration: Property 'jmeter.reportgenerator.graph.transactionsPerSecond.exclude_controllers' not found, using default value 'false' instead.
2026-10-03 12:39:30,547 INFO o.a.j.r.c.ReportGeneratorConfiguration: Property 'jmeter.reportgenerator.graph.responseTimePercentiles.exclude_controllers' not found, using default value 'false' instead.
2026-10-03 12:39:30,547 INFO o.a.j.r.c.ReportGeneratorConfiguration: Property 'jmeter.reportgenerator.graph.responseTimePercentilesOverTime.exclude_controllers' not found, using default value 'false' instead.
2026-10-03 12:39:30,547 INFO o.a.j.r.c.ReportGeneratorConfiguration: Property 'jmeter.reportgenerator.graph.responseTimesOverTime.exclude_controllers' not found, using default value 'false' instead.
2026-10-03 12:39:30,547 INFO o.a.j.r.c.ReportGeneratorConfiguration: Property 'jmeter.reportgenerator.graph.connectTimeOverTime.exclude_controllers' not found, using default value 'false' instead.
2026-10-03 12:39:30,547 INFO o.a.j.r.c.ReportGeneratorConfiguration: Property 'jmeter.reportgenerator.graph.latenciesOverTime.exclude_controllers' not found, using default value 'false' instead.
2026-10-03 12:39:30,548 INFO o.a.j.r.c.ReportGeneratorConfiguration: Property 'jmeter.reportgenerator.exporter.json.filters_only_sample_series' not found, using default value 'true' instead.
2026-10-03 12:39:30,548 INFO o.a.j.r.c.ReportGeneratorConfiguration: Property 'jmeter.reportgenerator.exporter.json.series_filter' not found, using default value '' instead.
2026-10-03 12:39:30,548 INFO o.a.j.r.c.ReportGeneratorConfiguration: Property 'jmeter.reportgenerator.exporter.json.show_controllers_only' not found, using default value 'false' instead.
2026-10-03 12:39:30,548 INFO o.a.j.r.c.ReportGeneratorConfiguration: Property 'jmeter.reportgenerator.exporter.html.filters_only_sample_series' not found, using default value 'true' instead.
2026-10-03 12:39:30,548 INFO o.a.j.r.c.ReportGeneratorConfiguration: Property 'jmeter.reportgenerator.exporter.html.series_filter' not found, using default value '' instead.
2026-10-03 12:39:30,548 INFO o.a.j.r.c.ReportGeneratorConfiguration: Property 'jmeter.reportgenerator.exporter.html.show_controllers_only' not found, using default value 'false' instead.
2026-10-03 12:39:30,558 INFO o.a.j.e.StandardJMeterEngine: Running the test!
2026-10-03 12:39:30,559 INFO o.a.j.s.SampleEvent: List of sample_variables: []
2026-10-03 12:39:30,559 INFO o.a.j.s.SampleEvent: List of sample_variables: []
2026-10-03 12:39:30,561 INFO o.a.j.e.u.CompoundVariable: Note: Function class names must contain the string: '.functions.'
2026-10-03 12:39:30,561 INFO o.a.j.e.u.CompoundVariable: Note: Function class names must not contain the string: '.gui.'
2026-10-03 12:39:30,629 INFO o.a.j.JMeter: Test starten (1791023970629)
2026-10-03 12:39:30,644 INFO o.a.j.e.StandardJMeterEngine: Starting ThreadGroup: 1 : Product list - 10 users
2026-10-03 12:39:30,644 INFO o.a.j.e.StandardJMeterEngine: Starting 10 threads for group Product list - 10 users.
2026-10-03 12:39:30,645 INFO o.a.j.e.StandardJMeterEngine: Thread will continue on error
2026-10-03 12:39:30,645 INFO o.a.j.t.ThreadGroup: Starting thread group... number=1 threads=10 ramp-up=10 delayedStart=false
2026-10-03 12:39:30,652 INFO o.a.j.t.ThreadGroup: Started thread group number 1
2026-10-03 12:39:30,652 INFO o.a.j.e.StandardJMeterEngine: All thread groups have been started
2026-10-03 12:39:30,653 INFO o.a.j.t.JMeterThread: Thread started: Product list - 10 users 1-1
2026-10-03 12:39:30,967 INFO o.a.j.p.h.s.HTTPHCAbstractImpl: Local host = Simon_Schmid
2026-10-03 12:39:30,974 INFO o.a.j.p.h.s.HTTPHC4Impl: HTTP request retry count = 0
2026-10-03 12:39:30,975 INFO o.a.j.s.SampleResult: Note: Sample TimeStamps are START times
2026-10-03 12:39:30,975 INFO o.a.j.s.SampleResult: sampleresult.default.encoding is set to UTF-8
2026-10-03 12:39:30,975 INFO o.a.j.s.SampleResult: sampleresult.useNanoTime=true
2026-10-03 12:39:30,975 INFO o.a.j.s.SampleResult: sampleresult.nanoThreadSleep=5000
2026-10-03 12:39:31,061 INFO o.a.j.r.Summariser: summary +      1 in 00:00:00 =    2.3/s Avg:    30 Min:    30 Max:    30 Err:     0 (0.00%) Active: 1 Started: 1 Finished: 0
2026-10-03 12:39:31,650 INFO o.a.j.t.JMeterThread: Thread started: Product list - 10 users 1-2
2026-10-03 12:39:32,648 INFO o.a.j.t.JMeterThread: Thread started: Product list - 10 users 1-3
2026-10-03 12:39:33,648 INFO o.a.j.t.JMeterThread: Thread started: Product list - 10 users 1-4
2026-10-03 12:39:34,648 INFO o.a.j.t.JMeterThread: Thread started: Product list - 10 users 1-5
2026-10-03 12:39:35,648 INFO o.a.j.t.JMeterThread: Thread started: Product list - 10 users 1-6
2026-10-03 12:39:36,648 INFO o.a.j.t.JMeterThread: Thread started: Product list - 10 users 1-7
2026-10-03 12:39:37,647 INFO o.a.j.t.JMeterThread: Thread started: Product list - 10 users 1-8
2026-10-03 12:39:38,647 INFO o.a.j.t.JMeterThread: Thread started: Product list - 10 users 1-9
2026-10-03 12:39:39,647 INFO o.a.j.t.JMeterThread: Thread started: Product list - 10 users 1-10
2026-10-03 12:39:39,949 INFO o.a.j.t.JMeterThread: Thread is done: Product list - 10 users 1-1
2026-10-03 12:39:39,949 INFO o.a.j.t.JMeterThread: Thread finished: Product list - 10 users 1-1
2026-10-03 12:39:40,877 INFO o.a.j.t.JMeterThread: Thread is done: Product list - 10 users 1-2
2026-10-03 12:39:40,878 INFO o.a.j.t.JMeterThread: Thread finished: Product list - 10 users 1-2
2026-10-03 12:39:41,857 INFO o.a.j.t.JMeterThread: Thread is done: Product list - 10 users 1-3
2026-10-03 12:39:41,857 INFO o.a.j.t.JMeterThread: Thread finished: Product list - 10 users 1-3
2026-10-03 12:39:42,857 INFO o.a.j.t.JMeterThread: Thread is done: Product list - 10 users 1-4
2026-10-03 12:39:42,858 INFO o.a.j.t.JMeterThread: Thread finished: Product list - 10 users 1-4
2026-10-03 12:39:43,843 INFO o.a.j.t.JMeterThread: Thread is done: Product list - 10 users 1-5
2026-10-03 12:39:43,843 INFO o.a.j.t.JMeterThread: Thread finished: Product list - 10 users 1-5
2026-10-03 12:39:44,872 INFO o.a.j.t.JMeterThread: Thread is done: Product list - 10 users 1-6
2026-10-03 12:39:44,873 INFO o.a.j.t.JMeterThread: Thread finished: Product list - 10 users 1-6
2026-10-03 12:39:45,844 INFO o.a.j.t.JMeterThread: Thread is done: Product list - 10 users 1-7
2026-10-03 12:39:45,844 INFO o.a.j.t.JMeterThread: Thread finished: Product list - 10 users 1-7
2026-10-03 12:39:46,856 INFO o.a.j.t.JMeterThread: Thread is done: Product list - 10 users 1-8
2026-10-03 12:39:46,856 INFO o.a.j.t.JMeterThread: Thread finished: Product list - 10 users 1-8
2026-10-03 12:39:47,828 INFO o.a.j.t.JMeterThread: Thread is done: Product list - 10 users 1-9
2026-10-03 12:39:47,828 INFO o.a.j.t.JMeterThread: Thread finished: Product list - 10 users 1-9
2026-10-03 12:39:48,858 INFO o.a.j.t.JMeterThread: Thread is done: Product list - 10 users 1-10
2026-10-03 12:39:48,858 INFO o.a.j.t.JMeterThread: Thread finished: Product list - 10 users 1-10
2026-10-03 12:39:48,859 INFO o.a.j.e.StandardJMeterEngine: Notifying test listeners of end of test
2026-10-03 12:39:48,860 INFO o.a.j.r.Summariser: summary +    299 in 00:00:18 =   16.8/s Avg:     5 Min:     2 Max:    11 Err:     0 (0.00%) Active: 0 Started: 10 Finished: 10
2026-10-03 12:39:48,861 INFO o.a.j.r.Summariser: summary =    300 in 00:00:18 =   16.5/s Avg:     5 Min:     2 Max:    30 Err:     0 (0.00%)
2026-10-03 12:39:48,861 INFO o.a.j.JMeter: Generating Dashboard
2026-10-03 12:39:48,861 INFO o.a.j.r.d.ReportGenerator: Flushing result collector before report Generation
2026-10-03 12:39:48,875 INFO o.a.j.r.p.NormalizerSampleConsumer: Using format, 'ms', to parse timeStamp field
2026-10-03 12:39:49,011 INFO o.a.j.r.p.AbstractSampleConsumer: class org.apache.jmeter.report.processor.AggregateConsumer#stopProducing(): beginDate produced 0 samples
2026-10-03 12:39:49,012 INFO o.a.j.r.p.AbstractSampleConsumer: class org.apache.jmeter.report.processor.AggregateConsumer#stopProducing(): endDate produced 0 samples
2026-10-03 12:39:49,014 INFO o.a.j.r.p.AbstractSampleConsumer: class org.apache.jmeter.report.processor.ApdexSummaryConsumer#stopProducing(): apdexSummary produced 0 samples
2026-10-03 12:39:49,014 INFO o.a.j.r.p.AbstractSampleConsumer: class org.apache.jmeter.report.processor.RequestsSummaryConsumer#stopProducing(): requestsSummary produced 0 samples
2026-10-03 12:39:49,019 INFO o.a.j.r.p.AbstractSampleConsumer: class org.apache.jmeter.report.processor.StatisticsSummaryConsumer#stopProducing(): statisticsSummary produced 0 samples
2026-10-03 12:39:49,021 INFO o.a.j.r.p.AbstractSampleConsumer: class org.apache.jmeter.report.processor.Top5ErrorsBySamplerConsumer#stopProducing(): top5ErrorsBySampler produced 0 samples
2026-10-03 12:39:49,021 INFO o.a.j.r.p.AbstractSampleConsumer: class org.apache.jmeter.report.processor.ErrorsSummaryConsumer#stopProducing(): errorsSummary produced 0 samples
2026-10-03 12:39:49,021 INFO o.a.j.r.p.AbstractSampleConsumer: class org.apache.jmeter.report.processor.graph.impl.HitsPerSecondGraphConsumer#stopProducing(): hitsPerSecond produced 0 samples
2026-10-03 12:39:49,049 INFO o.a.j.r.p.AbstractSampleConsumer: class org.apache.jmeter.report.processor.graph.impl.LatencyVSRequestGraphConsumer#stopProducing(): latencyVsRequest produced 0 samples
2026-10-03 12:39:49,049 INFO o.a.j.r.p.AbstractSampleConsumer: class org.apache.jmeter.report.processor.graph.impl.SyntheticResponseTimeDistributionGraphConsumer#stopProducing(): syntheticResponseTimeDistribution produced 0 samples
2026-10-03 12:39:49,050 INFO o.a.j.r.p.AbstractSampleConsumer: class org.apache.jmeter.report.processor.graph.impl.BytesThroughputGraphConsumer#stopProducing(): bytesThroughputOverTime produced 0 samples
2026-10-03 12:39:49,050 INFO o.a.j.r.p.AbstractSampleConsumer: class org.apache.jmeter.report.processor.graph.impl.CodesPerSecondGraphConsumer#stopProducing(): codesPerSecond produced 0 samples
2026-10-03 12:39:49,056 INFO o.a.j.r.p.AbstractSampleConsumer: class org.apache.jmeter.report.processor.graph.impl.ResponseTimeVSRequestGraphConsumer#stopProducing(): responseTimeVsRequest produced 0 samples
2026-10-03 12:39:49,056 INFO o.a.j.r.p.AbstractSampleConsumer: class org.apache.jmeter.report.processor.FilterConsumer#stopProducing(): startIntervalControlerFilter produced 2100 samples
2026-10-03 12:39:49,056 INFO o.a.j.r.p.AbstractSampleConsumer: class org.apache.jmeter.report.processor.graph.impl.TotalTPSGraphConsumer#stopProducing(): totalTPS produced 0 samples
2026-10-03 12:39:49,056 INFO o.a.j.r.p.AbstractSampleConsumer: class org.apache.jmeter.report.processor.graph.impl.ActiveThreadsGraphConsumer#stopProducing(): activeThreadsOverTime produced 0 samples
2026-10-03 12:39:49,056 INFO o.a.j.r.p.AbstractSampleConsumer: class org.apache.jmeter.report.processor.graph.impl.TimeVSThreadGraphConsumer#stopProducing(): timeVsThreads produced 0 samples
2026-10-03 12:39:49,056 INFO o.a.j.r.p.AbstractSampleConsumer: class org.apache.jmeter.report.processor.graph.impl.ResponseTimeDistributionGraphConsumer#stopProducing(): responseTimeDistribution produced 0 samples
2026-10-03 12:39:49,057 INFO o.a.j.r.p.AbstractSampleConsumer: class org.apache.jmeter.report.processor.graph.impl.TransactionsPerSecondGraphConsumer#stopProducing(): transactionsPerSecond produced 0 samples
2026-10-03 12:39:49,057 INFO o.a.j.r.p.AbstractSampleConsumer: class org.apache.jmeter.report.processor.graph.impl.ResponseTimePercentilesGraphConsumer#stopProducing(): responseTimePercentiles produced 0 samples
2026-10-03 12:39:49,057 INFO o.a.j.r.p.AbstractSampleConsumer: class org.apache.jmeter.report.processor.graph.impl.ResponseTimePercentilesOverTimeGraphConsumer#stopProducing(): responseTimePercentilesOverTime produced 0 samples
2026-10-03 12:39:49,057 INFO o.a.j.r.p.AbstractSampleConsumer: class org.apache.jmeter.report.processor.graph.impl.ResponseTimeOverTimeGraphConsumer#stopProducing(): responseTimesOverTime produced 0 samples
2026-10-03 12:39:49,058 INFO o.a.j.r.p.AbstractSampleConsumer: class org.apache.jmeter.report.processor.graph.impl.ConnectTimeOverTimeGraphConsumer#stopProducing(): connectTimeOverTime produced 0 samples
2026-10-03 12:39:49,058 INFO o.a.j.r.p.AbstractSampleConsumer: class org.apache.jmeter.report.processor.graph.impl.LatencyOverTimeGraphConsumer#stopProducing(): latenciesOverTime produced 0 samples
2026-10-03 12:39:49,058 INFO o.a.j.r.p.AbstractSampleConsumer: class org.apache.jmeter.report.processor.FilterConsumer#stopProducing(): nameFilter produced 4500 samples
2026-10-03 12:39:49,058 INFO o.a.j.r.p.AbstractSampleConsumer: class org.apache.jmeter.report.processor.FilterConsumer#stopProducing(): dateRangeFilter produced 900 samples
2026-10-03 12:39:49,058 INFO o.a.j.r.p.AbstractSampleConsumer: class org.apache.jmeter.report.processor.NormalizerSampleConsumer#stopProducing(): normalizer produced 300 samples
2026-10-03 12:39:49,058 INFO o.a.j.r.p.CsvFileSampleSource: produce(): 300 samples produced in 151ms on channel 0
2026-10-03 12:39:49,059 INFO o.a.j.r.d.ReportGenerator: Exporting data using exporter:'json' of className:'org.apache.jmeter.report.dashboard.JsonExporter'
2026-10-03 12:39:49,146 INFO o.a.j.r.d.JsonExporter: Found data for consumer statisticsSummary in context
2026-10-03 12:39:49,146 INFO o.a.j.r.d.JsonExporter: Creating statistics for overall
2026-10-03 12:39:49,147 INFO o.a.j.r.d.JsonExporter: Creating statistics for other transactions
2026-10-03 12:39:49,147 INFO o.a.j.r.d.JsonExporter: Checking output folder
2026-10-03 12:39:49,148 INFO o.a.j.r.d.JsonExporter: Writing statistics JSON to C:\Users\Simon\Desktop\Md324\05_online_market\05_online_market\loadtest\results\report\statistics.json
2026-10-03 12:39:49,200 INFO o.a.j.r.d.ReportGenerator: Exporting data using exporter:'html' of className:'org.apache.jmeter.report.dashboard.HtmlTemplateExporter'
2026-10-03 12:39:49,203 INFO o.a.j.r.d.HtmlTemplateExporter: Will generate dashboard in folder: C:\Users\Simon\Desktop\Md324\05_online_market\05_online_market\loadtest\results\report
2026-10-03 12:39:49,327 INFO o.a.j.r.d.HtmlTemplateExporter: Report will be generated in: C:\Users\Simon\Desktop\Md324\05_online_market\05_online_market\loadtest\results\report, creating folder structure
2026-10-03 12:39:49,331 INFO o.a.j.r.d.TemplateVisitor: Copying folder from 'C:\Users\Simon\Downloads\apache-jmeter-5.6.3\apache-jmeter-5.6.3\bin\report-template' to 'C:\Users\Simon\Desktop\Md324\05_online_market\05_online_market\loadtest\results\report', got message: C:\Users\Simon\Desktop\Md324\05_online_market\05_online_market\loadtest\results\report, found non empty folder with following content [C:\Users\Simon\Desktop\Md324\05_online_market\05_online_market\loadtest\results\report\statistics.json], will be ignored
2026-10-03 12:39:49,830 INFO o.a.j.JMeter: Dashboard generated
